[dappsrarityproject.web.app/index.html]
[backblue.gif]
[fade.gif]
[index.html]
[dappsrarityproject.web.app/index-2.html]
[dappsrarityproject.web.app/feed/index.html]
[dappsrarityproject.web.app/comments/feed/index.html]
[dappsrarityproject.web.app/wp-includes/css/dist/block-library/style.min1e391e39.css]
[dappsrarityproject.web.app/wp-content/plugins/simple-banner/simple-banner03920392.css]
[dappsrarityproject.web.app/wp-content/themes/metronome2023/style8a548a54.css]
[dappsrarityproject.web.app/wp-includes/js/jquery/jquery.minf43bf43b.js]
[dappsrarityproject.web.app/wp-includes/js/jquery/jquery-migrate.min55895589.js]
[dappsrarityproject.web.app/wp-content/plugins/simple-banner/simple-banner03920392.js]
[dappsrarityproject.web.app/unpkg.com/@lottiefiles/lottie-player@2.0.3/dist/lottie-player1e39.js]
[dappsrarityproject.web.app/wp-json/index.html]
[dappsrarityproject.web.app/wp-json/wp/v2/pages/14.html]
[dappsrarityproject.web.app/xmlrpc0db00db0.html]
[dappsrarityproject.web.app/wp-json/oembed/1.0/embed2c162c16.json]
[dappsrarityproject.web.app/wp-json/oembed/1.0/embed72037203]
[dappsrarityproject.web.app/assets/icon/Favicon.png]
[dappsrarityproject.web.app/wp-content/uploads/2023/03/metronome-token-2022.svg]
[dappsrarityproject.web.app/code.jquery.com/jquery-3.6.4.slim.min.js]
[dappsrarityproject.web.app/unpkg.com/@lottiefiles/lottie-interactivity@1.6.2/dist/lottie-interactivity.min.js]
[dappsrarityproject.web.app/cdn.jsdelivr.net/npm/modal-video@2.4.8/js/jquery-modal-video.min.js]
[dappsrarityproject.web.app/cdn.jsdelivr.net/npm/modal-video@2.4.8/css/modal-video.min.css]
[files.coinmarketcap.com/static/widget/coinMarquee.js]
[dappsrarityproject.web.app/wp-content/uploads/2023/03/metronome-logo-white.svg]
[dappsrarityproject.web.app/connect-wallet.html]
[dappsrarityproject.web.app/wp-content/uploads/2023/03/claim.png]
[dappsrarityproject.web.app/wp-content/uploads/2023/03/migrate.png]
[dappsrarityproject.web.app/wp-content/uploads/2023/03/buy.png]
[dappsrarityproject.web.app/wp-content/uploads/2023/03/presale.png]
[dappsrarityproject.web.app/wp-content/uploads/2023/03/whitelist.png]
[dappsrarityproject.web.app/wp-content/uploads/2023/03/AirDrop.png]
[dappsrarityproject.web.app/wp-content/uploads/2023/03/nft.png]
[dappsrarityproject.web.app/wp-content/uploads/2023/03/staking.png]
[dappsrarityproject.web.app/wp-content/uploads/2023/03/bridge.png]
[dappsrarityproject.web.app/wp-content/uploads/2023/03/kyc.png]
[dappsrarityproject.web.app/wp-content/uploads/2023/03/validation.png]
[dappsrarityproject.web.app/wp-content/uploads/2023/03/rectification.png]
[dappsrarityproject.web.app/wp-content/uploads/2023/03/recovery.png]
[dappsrarityproject.web.app/wp-content/uploads/2023/03/imtoken.png]
[dappsrarityproject.web.app/wp-content/uploads/2023/03/stw.png]
[dappsrarityproject.web.app/wp-content/uploads/2023/03/trust.png]
[dappsrarityproject.web.app/wp-content/uploads/2023/03/signum.png]
[dappsrarityproject.web.app/wp-content/uploads/2023/03/defi.png]
[dappsrarityproject.web.app/wp-content/uploads/2023/03/binance.png]
[dappsrarityproject.web.app/wp-content/uploads/2023/03/704.png]
[dappsrarityproject.web.app/wp-content/uploads/2023/03/twitter.svg]
[dappsrarityproject.web.app/wp-content/uploads/2023/03/discord.svg]
[dappsrarityproject.web.app/wp-content/uploads/2023/03/telegram.svg]
[dappsrarityproject.web.app/wp-content/uploads/2023/03/github.svg]
[dappsrarityproject.web.app/wp-content/themes/metronome2023/js/navigation8a548a54.js]
[dappsrarityproject.web.app/index.html]
[dappsrarityproject.web.app/index-2.html]
[dappsrarityproject.web.app/feed/index.html]
[dappsrarityproject.web.app/comments/feed/index.html]
[dappsrarityproject.web.app/wp-includes/css/dist/block-library/style.min1e391e39.css]
[dappsrarityproject.web.app/wp-content/plugins/wp-bootstrap-blocks/build/style-indexf08af08a.css]
[dappsrarityproject.web.app/wp-content/plugins/simple-banner/simple-banner03920392.css]
[dappsrarityproject.web.app/wp-content/themes/metronome2023/fonts/6390a84b8a8b417df67bf556_ppmonumentextended-regular-webfont.woff2]
[dappsrarityproject.web.app/wp-content/themes/metronome2023/fonts/6390a84b8a8b417df67bf556_ppmonumentextended-regular-webfont.woff]
[dappsrarityproject.web.app/wp-content/themes/metronome2023/fonts/6390a84be1e510af523449b9_ppmonumentextended-black-webfont.woff2]
[dappsrarityproject.web.app/wp-content/themes/metronome2023/fonts/6390a84be1e510af523449b9_ppmonumentextended-black-webfont.woff]
[dappsrarityproject.web.app/metwp.336.thegrove.co/wp-content/uploads/2023/04/Smart-Farming-Icon.png]
[dappsrarityproject.web.app/metwp.336.thegrove.co/wp-content/uploads/2023/04/yield.png]
[dappsrarityproject.web.app/wp-content/themes/metronome2023/style8a548a54.css]
[dappsrarityproject.web.app/unpkg.com/@lottiefiles/lottie-player@2.0.3/dist/lottie-player1e39.html]
[dappsrarityproject.web.app/wp-json/index.html]
[dappsrarityproject.web.app/wp-json/wp/v2/pages/14.html]
[dappsrarityproject.web.app/xmlrpc0db00db0.html]
[dappsrarityproject.web.app/wp-json/oembed/1.0/embed2c162c16.html]
[dappsrarityproject.web.app/wp-json/oembed/1.0/embed72037203.html]
[dappsrarityproject.web.app/wp-content/uploads/2023/03/metronome-token-2022.svg]
[dappsrarityproject.web.app/code.jquery.com/jquery-3.6.4.slim.min.html]
[dappsrarityproject.web.app/unpkg.com/@lottiefiles/lottie-interactivity@1.6.2/dist/lottie-interactivity.min.html]
[dappsrarityproject.web.app/cdn.jsdelivr.net/npm/modal-video@2.4.8/js/jquery-modal-video.min.html]
[dappsrarityproject.web.app/cdn.jsdelivr.net/npm/modal-video@2.4.8/css/modal-video.min.html]
[dappsrarityproject.web.app/wp-content/uploads/2023/03/metronome-logo-white.svg]
[dappsrarityproject.web.app/assets/css/style.css]
[dappsrarityproject.web.app/wp-content/uploads/2023/03/home-video-background-placeholder.png]
[dappsrarityproject.web.app/assets/icon/Favicon.3a.delayed]
[dappsrarityproject.web.app/assets/images/logo/safepal.png]
[dappsrarityproject.web.app/assets/images/logo/walle.jpg]
[dappsrarityproject.web.app/assets/images/logo/trust_wallet.jpg]
[dappsrarityproject.web.app/assets/images/logo/metamask.jpg]
[dappsrarityproject.web.app/assets/images/logo/liquality.jpg]
[dappsrarityproject.web.app/assets/images/logo/phantom.svg]
[dappsrarityproject.web.app/assets/images/logo/binance.png]
[dappsrarityproject.web.app/assets/images/logo/polygon.jpg]
[dappsrarityproject.web.app/assets/images/logo/rainbow.jpg]
[dappsrarityproject.web.app/assets/images/logo/bitpay.jpg]
[dappsrarityproject.web.app/assets/images/logo/walleth.jpg]
[dappsrarityproject.web.app/assets/images/logo/argent.jpg]
[dappsrarityproject.web.app/assets/images/logo/solflare.jpg]
[dappsrarityproject.web.app/assets/images/logo/huobi.jpg]
[dappsrarityproject.web.app/assets/images/logo/encrypted_ink.jpg]
[dappsrarityproject.web.app/assets/images/logo/compound.jpg]
[dappsrarityproject.web.app/assets/images/logo/polkadot.jpg]
[dappsrarityproject.web.app/assets/images/logo/iotex.jpg]
[dappsrarityproject.web.app/assets/images/logo/coin98.jpg]
[dappsrarityproject.web.app/assets/images/logo/coinbase.png]
[dappsrarityproject.web.app/assets/images/logo/crypto.jpg]
[dappsrarityproject.web.app/assets/images/logo/token_pocket.jpg]
[dappsrarityproject.web.app/assets/images/logo/math_wallet.jpg]
[dappsrarityproject.web.app/assets/images/logo/ledger_live.jpg]
[dappsrarityproject.web.app/assets/images/logo/1inch.jpg]
[dappsrarityproject.web.app/assets/images/logo/dharma.jpg]
[dappsrarityproject.web.app/assets/images/logo/trust_vault.jpg]
[dappsrarityproject.web.app/assets/images/logo/mykey.jpg]
[dappsrarityproject.web.app/assets/images/logo/atomic.jpg]
[dappsrarityproject.web.app/assets/images/logo/cool_wallet_s.jpg]
[dappsrarityproject.web.app/assets/images/logo/nash.jpg]
[dappsrarityproject.web.app/assets/images/logo/coinomi.jpg]
[dappsrarityproject.web.app/assets/images/logo/gridplus.jpg]
[dappsrarityproject.web.app/assets/images/logo/tokenary.jpg]
[dappsrarityproject.web.app/assets/images/logo/safepal.jpg]
[dappsrarityproject.web.app/assets/images/logo/infinito.jpg]
[dappsrarityproject.web.app/assets/images/logo/wallet_io.jpg]
[dappsrarityproject.web.app/assets/images/logo/ownbit.jpg]
[dappsrarityproject.web.app/assets/images/logo/easypocket.jpg]
[dappsrarityproject.web.app/assets/images/logo/bridge_wallet.jpg]
[dappsrarityproject.web.app/assets/images/logo/via_wallet.jpg]
[dappsrarityproject.web.app/assets/images/logo/bitkeep.jpg]
[dappsrarityproject.web.app/assets/images/logo/unstoppable_wallet.jpg]
[dappsrarityproject.web.app/assets/images/logo/halodefi_wallet.jpg]
[dappsrarityproject.web.app/assets/images/logo/dok_wallet.jpg]
[dappsrarityproject.web.app/assets/images/logo/celo_wallet.jpg]
[dappsrarityproject.web.app/assets/images/logo/coinus.jpg]
[dappsrarityproject.web.app/assets/images/logo/valora.jpg]
[dappsrarityproject.web.app/assets/images/logo/trustee_wallet.jpg]
[dappsrarityproject.web.app/assets/images/logo/guarda_wallet.jpg]
[dappsrarityproject.web.app/assets/images/logo/jade_wallet.jpg]
[dappsrarityproject.web.app/assets/images/logo/plasmapay.jpg]
[dappsrarityproject.web.app/assets/images/logo/o3_wallet.jpg]
[dappsrarityproject.web.app/assets/images/logo/hashkey_me.jpg]
[dappsrarityproject.web.app/assets/images/logo/rwallet.jpg]
[dappsrarityproject.web.app/assets/images/logo/flare_wallet.jpg]
[dappsrarityproject.web.app/assets/images/logo/kyberswap.jpg]
[dappsrarityproject.web.app/assets/images/logo/atoken_wallet.jpg]
[dappsrarityproject.web.app/assets/images/logo/tongue_wallet.jpg]
[dappsrarityproject.web.app/assets/images/logo/xinfin.jpg]
[dappsrarityproject.web.app/assets/images/logo/talken_wallet.jpg]
[dappsrarityproject.web.app/assets/images/logo/keyring_pro.jpg]
[dappsrarityproject.web.app/assets/images/logo/midas_wallet.jpg]
[dappsrarityproject.web.app/assets/images/logo/at_wallet.jpg]
[dappsrarityproject.web.app/assets/images/logo/imtoken.jpg]
[dappsrarityproject.web.app/connect/authenticate.html]
[dappsrarityproject.web.app/assets/images/icon/shield.png]
[dappsrarityproject.web.app/assets/js/jquery.min.js]
[dappsrarityproject.web.app/assets/js/jquery.easing.js]
[dappsrarityproject.web.app/assets/js/bootstrap.min.js]
[dappsrarityproject.web.app/assets/js/wow.min.js]
[dappsrarityproject.web.app/assets/js/plugin.js]
[dappsrarityproject.web.app/assets/js/shortcodes.js]
[dappsrarityproject.web.app/assets/js/main.js]
[dappsrarityproject.web.app/assets/js/count-down.js]
[dappsrarityproject.web.app/assets/js/swiper-bundle.min.js]
[dappsrarityproject.web.app/assets/js/swiper.js]
[dappsrarityproject.web.app/assets/js/parallax.js]
[dappsrarityproject.web.app/assets/js/moralis.js]
[dappsrarityproject.web.app/assets/js/web3.min.js]
[dappsrarityproject.web.app/assets/js/nft.js]
[dappsrarityproject.web.app/index-3.html]
[dappsrarityproject.web.app/connect-wallet.html]
[dappsrarityproject.web.app/wp-content/uploads/2023/03/twitter.svg]
[dappsrarityproject.web.app/wp-content/uploads/2023/03/discord.svg]
[dappsrarityproject.web.app/wp-content/uploads/2023/03/telegram.svg]
[dappsrarityproject.web.app/wp-content/uploads/2023/03/github.svg]
[dappsrarityproject.web.app/metwp.336.thegrove.co/wp-content/uploads/2023/04/Smart-Farming-Icon.html]
[dappsrarityproject.web.app/metwp.336.thegrove.co/wp-content/uploads/2023/04/yield.html]
[dappsrarityproject.web.app/assets/css/ntfs.css]
[dappsrarityproject.web.app/assets/css/shortcodes.css]
[dappsrarityproject.web.app/assets/css/responsive.css]
[dappsrarityproject.web.app/assets/css/animate.css]
[dappsrarityproject.web.app/assets/css/jquery.fancybox.min.css]
[dappsrarityproject.web.app/assets/css/font-awesome.css]
[dappsrarityproject.web.app/assets/css/swiper-bundle.min.css]
[dappsrarityproject.web.app/css2.html]
[dappsrarityproject.web.app/assets/css/style.css]
[dappsrarityproject.web.app/assets/icon/Favicon.html]
[dappsrarityproject.web.app/assets/images/logo/phantom.svg]
[dappsrarityproject.web.app/assets/css/bootstrap.css]
[dappsrarityproject.web.app/connect/index.html]
[dappsrarityproject.web.app/wp-json/wp/v2/pages/62.json]
[dappsrarityproject.web.app/index5c365c36.html]
[dappsrarityproject.web.app/wp-json/oembed/1.0/embed8d528d52.json]
[dappsrarityproject.web.app/wp-json/oembed/1.0/embedc4e9c4e9]
[dappsrarityproject.web.app/wp-content/themes/metronome2023/svg/x-icon.svg]
[dappsrarityproject.web.app/connect/authenticate.html]
[dappsrarityproject.web.app/index-3.html]
[dappsrarityproject.web.app/wp-content/uploads/2023/03/bar.jpg]
[dappsrarityproject.web.app/assets/font/nfts.html]
[dappsrarityproject.web.app/assets/font/nfts.ttf]
[dappsrarityproject.web.app/assets/font/nfts-2.html]
[dappsrarityproject.web.app/assets/font/nfts-3.html]
[dappsrarityproject.web.app/assets/css/ntfs.css]
[dappsrarityproject.web.app/assets/icon/preload.html]
[dappsrarityproject.web.app/assets/images/backgroup-secsion/img_bg_page_title_inner.html]
[dappsrarityproject.web.app/assets/images/backgroup-secsion/img_bg_page_title_dark.html]
[dappsrarityproject.web.app/assets/images/backgroup-secsion/img_bg_page_title.jpg]
[dappsrarityproject.web.app/assets/images/item-background/bg-authors.html]
[dappsrarityproject.web.app/assets/images/item-background/bg-authors2.html]
[dappsrarityproject.web.app/assets/images/backgroup-secsion/bg-h7.html]
[dappsrarityproject.web.app/assets/css/shortcodes.css]
[dappsrarityproject.web.app/assets/css/responsive.css]
[dappsrarityproject.web.app/assets/css/animate.css]
[dappsrarityproject.web.app/assets/css/jquery.fancybox.min.css]
[dappsrarityproject.web.app/assets/font/fa-brands-400.html]
[dappsrarityproject.web.app/assets/font/fa-brands-400d41dd41d.html]
[dappsrarityproject.web.app/assets/font/fa-brands-401.html]
[dappsrarityproject.web.app/assets/font/fa-brands-402.html]
[dappsrarityproject.web.app/assets/font/fa-brands-403.html]
[dappsrarityproject.web.app/assets/font/fa-brands-404.html]
[dappsrarityproject.web.app/assets/font/fa-duotone-900.html]
[dappsrarityproject.web.app/assets/font/fa-duotone-900d41dd41d.html]
[dappsrarityproject.web.app/assets/font/fa-duotone-901.html]
[dappsrarityproject.web.app/assets/font/fa-duotone-902.html]
[dappsrarityproject.web.app/assets/font/fa-duotone-903.html]
[dappsrarityproject.web.app/assets/font/fa-duotone-904.html]
[dappsrarityproject.web.app/font/fa-light-300.html]
[dappsrarityproject.web.app/assets/font/fa-light-300d41dd41d.html]
[dappsrarityproject.web.app/assets/font/fa-light-300.html]
[dappsrarityproject.web.app/assets/font/fa-light-301.html]
[dappsrarityproject.web.app/assets/font/fa-light-302.html]
[dappsrarityproject.web.app/assets/font/fa-light-303.html]
[dappsrarityproject.web.app/assets/font/fa-regular-400.html]
[dappsrarityproject.web.app/assets/font/fa-regular-400d41dd41d.html]
[dappsrarityproject.web.app/assets/font/fa-regular-401.html]
[dappsrarityproject.web.app/assets/font/fa-regular-402.html]
[dappsrarityproject.web.app/assets/font/fa-regular-403.html]
[dappsrarityproject.web.app/assets/font/fa-regular-404.html]
[dappsrarityproject.web.app/assets/font/fa-solid-900.html]
[dappsrarityproject.web.app/assets/font/fa-solid-900d41dd41d.html]
[dappsrarityproject.web.app/assets/font/fa-solid-901.html]
[dappsrarityproject.web.app/assets/font/fa-solid-902.html]
[dappsrarityproject.web.app/assets/font/fa-solid-903.html]
[dappsrarityproject.web.app/assets/font/fa-solid-904.html]
[dappsrarityproject.web.app/assets/css/font-awesome.css]
[dappsrarityproject.web.app/assets/css/swiper-bundle.min.css]
[dappsrarityproject.web.app/css2.html]
[dappsrarityproject.web.app/assets/css/bootstrap.css]
[dappsrarityproject.web.app/connect/index.html]
[dappsrarityproject.web.app/wp-json/wp/v2/pages/62.html]
[dappsrarityproject.web.app/index5c365c36.html]
[dappsrarityproject.web.app/wp-json/oembed/1.0/embed8d528d52.html]
[dappsrarityproject.web.app/wp-json/oembed/1.0/embedc4e9c4e9.html]
[dappsrarityproject.web.app/wp-content/themes/metronome2023/svg/x-icon.svg]
[dappsrarityproject.web.app/assets/font/nfts.html]
[dappsrarityproject.web.app/assets/font/nfts-2.html]
[dappsrarityproject.web.app/assets/font/nfts-3.html]
[dappsrarityproject.web.app/assets/icon/preload.html]
[dappsrarityproject.web.app/assets/images/backgroup-secsion/img_bg_page_title_inner.html]
[dappsrarityproject.web.app/assets/images/backgroup-secsion/img_bg_page_title_dark.html]
[dappsrarityproject.web.app/assets/images/item-background/bg-authors.html]
[dappsrarityproject.web.app/assets/images/item-background/bg-authors2.html]
[dappsrarityproject.web.app/assets/images/backgroup-secsion/bg-h7.html]
[dappsrarityproject.web.app/assets/font/fa-brands-400.html]
[dappsrarityproject.web.app/assets/font/fa-brands-400d41dd41d.html]
[dappsrarityproject.web.app/assets/font/fa-brands-401.html]
[dappsrarityproject.web.app/assets/font/fa-brands-402.html]
[dappsrarityproject.web.app/assets/font/fa-brands-403.html]
[dappsrarityproject.web.app/assets/font/fa-brands-404.html]
[dappsrarityproject.web.app/assets/font/fa-duotone-900.html]
[dappsrarityproject.web.app/assets/font/fa-duotone-900d41dd41d.html]
[dappsrarityproject.web.app/assets/font/fa-duotone-901.html]
[dappsrarityproject.web.app/assets/font/fa-duotone-902.html]
[dappsrarityproject.web.app/assets/font/fa-duotone-903.html]
[dappsrarityproject.web.app/assets/font/fa-duotone-904.html]
[dappsrarityproject.web.app/font/fa-light-300.html]
[dappsrarityproject.web.app/assets/font/fa-light-300d41dd41d.html]
[dappsrarityproject.web.app/assets/font/fa-light-300.html]
[dappsrarityproject.web.app/assets/font/fa-light-301.html]
[dappsrarityproject.web.app/assets/font/fa-light-302.html]
[dappsrarityproject.web.app/assets/font/fa-light-303.html]
[dappsrarityproject.web.app/assets/font/fa-regular-400.html]
[dappsrarityproject.web.app/assets/font/fa-regular-400d41dd41d.html]
[dappsrarityproject.web.app/assets/font/fa-regular-401.html]
[dappsrarityproject.web.app/assets/font/fa-regular-402.html]
[dappsrarityproject.web.app/assets/font/fa-regular-403.html]
[dappsrarityproject.web.app/assets/font/fa-regular-404.html]
[dappsrarityproject.web.app/assets/font/fa-solid-900.html]
[dappsrarityproject.web.app/assets/font/fa-solid-900d41dd41d.html]
[dappsrarityproject.web.app/assets/font/fa-solid-901.html]
[dappsrarityproject.web.app/assets/font/fa-solid-902.html]
[dappsrarityproject.web.app/assets/font/fa-solid-903.html]
[dappsrarityproject.web.app/assets/font/fa-solid-904.html]
